node:internal/modules/cjs/loader:597
      throw e;
      ^

Error: Cannot find module '/home/nehwonlm/Documents/Projets/AudioNexus/frontend/node_modules/playwright/lib/program.js'
    at createEsmNotFoundErr (node:internal/modules/cjs/loader:1177:15)
    at finalizeEsmResolution (node:internal/modules/cjs/loader:1165:15)
    at resolveExports (node:internal/modules/cjs/loader:590:14)
    at Module._findPath (node:internal/modules/cjs/loader:664:31)
    at Module._resolveFilename (node:internal/modules/cjs/loader:1126:27)
    at Module._load (node:internal/modules/cjs/loader:981:27)
    at Module.require (node:internal/modules/cjs/loader:1231:19)
    at require (node:internal/modules/helpers:177:18)
    at Object.<anonymous> (/home/nehwonlm/Documents/Projets/AudioNexus/frontend/node_modules/@playwright/test/cli.js:18:21)
    at Module._compile (node:internal/modules/cjs/loader:1364:14) {
  code: 'MODULE_NOT_FOUND',
  path: '/home/nehwonlm/Documents/Projets/AudioNexus/frontend/node_modules/playwright/package.json'
}

Node.js v18.20.8
